[0.019s][info][gc,init] CardTable entry size: 512
[0.019s][info][gc     ] Using G1 -> "G1 GC를 사용한다는 뜻"
[0.022s][info][gc,init] Version: 21.0.6+8-LTS-188 (release)
[0.022s][info][gc,init] CPUs: 12 total, 12 available
[0.022s][info][gc,init] Memory: 16223M
[0.022s][info][gc,init] Large Page Support: Disabled
[0.022s][info][gc,init] NUMA Support: Disabled
[0.022s][info][gc,init] Compressed Oops: Enabled (Zero based)
[0.022s][info][gc,init] Heap Region Size: 2M
[0.022s][info][gc,init] Heap Min Capacity: 8M
[0.022s][info][gc,init] Heap Initial Capacity: 254M -> "시작 힙 254M"
[0.022s][info][gc,init] Heap Max Capacity: 4056M -> "최대 힙 4GB 사용"
[0.022s][info][gc,init] Pre-touch: Disabled
[0.022s][info][gc,init] Parallel Workers: 10
[0.022s][info][gc,init] Concurrent Workers: 3
[0.022s][info][gc,init] Concurrent Refinement Workers: 10
[0.022s][info][gc,init] Periodic GC: Disabled
[0.031s][info][gc,metaspace] CDS archive(s) mapped at: [0x000001fa40000000-0x000001fa40c90000-0x000001fa40c90000), size 13172736, SharedBaseAddress: 0x000001fa40000000, ArchiveRelocationMode: 1.
[0.031s][info][gc,metaspace] Compressed class space mapped at: 0x000001fa41000000-0x000001fa81000000, reserved size: 1073741824
[0.031s][info][gc,metaspace] Narrow klass base: 0x000001fa40000000, Narrow klass shift: 0, Narrow klass range: 0x100000000
[0.247s][info][gc,start    ] GC(0) Pause Young (Normal) (G1 Evacuation Pause) -> "애플리케이션 시작 직후 첫 Young GC가 발생했다는 뜻"
-> "Young GC는 Eden 영역이 꽉차면 자동 발생하는 기본 동작이라 자연스러움"
-> "객체를 생성하면 Eden에 저장 Eden이 꽉차면 Young GC가 실행 (죽어버린 객체를 정리하고 살아남은 객체는 Survivor 또는 Old로 이동)"
[0.248s][info][gc,task     ] GC(0) Using 6 workers of 10 for evacuation
[0.272s][info][gc,phases   ] GC(0)   Pre Evacuate Collection Set: 0.2ms
[0.272s][info][gc,phases   ] GC(0)   Merge Heap Roots: 0.2ms
[0.272s][info][gc,phases   ] GC(0)   Evacuate Collection Set: 22.6ms
[0.272s][info][gc,phases   ] GC(0)   Post Evacuate Collection Set: 0.4ms
[0.272s][info][gc,phases   ] GC(0)   Other: 1.1ms
[0.272s][info][gc,heap     ] GC(0) Eden regions: 11->0(4)
[0.272s][info][gc,heap     ] GC(0) Survivor regions: 0->2(2)
[0.272s][info][gc,heap     ] GC(0) Old regions: 0->7
[0.272s][info][gc,heap     ] GC(0) Humongous regions: 8->8
[0.272s][info][gc,metaspace] GC(0) Metaspace: 860K(1024K)->860K(1024K) NonClass: 795K(896K)->795K(896K) Class: 64K(128K)->64K(128K)
[0.272s][info][gc          ] GC(0) Pause Young (Normal) (G1 Evacuation Pause) 38M->32M(254M) 24.926ms
[0.272s][info][gc,cpu      ] GC(0) User=0.16s Sys=0.03s Real=0.02s
[0.282s][info][gc,start    ] GC(1) Pause Young (Normal) (G1 Evacuation Pause)
[0.282s][info][gc,task     ] GC(1) Using 6 workers of 10 for evacuation
[0.296s][info][gc,phases   ] GC(1)   Pre Evacuate Collection Set: 0.1ms
[0.296s][info][gc,phases   ] GC(1)   Merge Heap Roots: 0.1ms
[0.296s][info][gc,phases   ] GC(1)   Evacuate Collection Set: 13.6ms
[0.296s][info][gc,phases   ] GC(1)   Post Evacuate Collection Set: 0.3ms
[0.296s][info][gc,phases   ] GC(1)   Other: 0.1ms
[0.296s][info][gc,heap     ] GC(1) Eden regions: 5->0(5)
[0.296s][info][gc,heap     ] GC(1) Survivor regions: 2->1(1)
[0.296s][info][gc,heap     ] GC(1) Old regions: 7->13
[0.296s][info][gc,heap     ] GC(1) Humongous regions: 12->12
[0.296s][info][gc,metaspace] GC(1) Metaspace: 861K(1024K)->861K(1024K) NonClass: 796K(896K)->796K(896K) Class: 64K(128K)->64K(128K)
[0.297s][info][gc          ] GC(1) Pause Young (Normal) (G1 Evacuation Pause) 50M->52M(254M) 14.633ms
[0.297s][info][gc,cpu      ] GC(1) User=0.06s Sys=0.03s Real=0.01s
[0.317s][info][gc,start    ] GC(2) Pause Young (Normal) (G1 Evacuation Pause)
-> "Young GC 발생"
[0.317s][info][gc,task     ] GC(2) Using 6 workers of 10 for evacuation
[0.348s][info][gc,phases   ] GC(2)   Pre Evacuate Collection Set: 0.1ms
[0.348s][info][gc,phases   ] GC(2)   Merge Heap Roots: 0.2ms
[0.348s][info][gc,phases   ] GC(2)   Evacuate Collection Set: 30.9ms
[0.348s][info][gc,phases   ] GC(2)   Post Evacuate Collection Set: 0.4ms
[0.348s][info][gc,phases   ] GC(2)   Other: 0.1ms
[0.348s][info][gc,heap     ] GC(2) Eden regions: 10->0(4)
[0.349s][info][gc,heap     ] GC(2) Survivor regions: 1->2(2)
[0.349s][info][gc,heap     ] GC(2) Old regions: 13->23
[0.349s][info][gc,heap     ] GC(2) Humongous regions: 26->26
-> "Young GC에서 청소 결과"
[0.349s][info][gc,metaspace] GC(2) Metaspace: 861K(1024K)->861K(1024K) NonClass: 796K(896K)->796K(896K) Class: 64K(128K)->64K(128K)
-> "Metaspace의 GC 전/후 메모리 사용량"
[0.349s][info][gc          ] GC(2) Pause Young (Normal) (G1 Evacuation Pause) 100M->101M(254M) 32.142ms
-> "Eden이 꽉 차서 Young GC가 실행되었고, 그 과정에서 객체 대피가 일어나 힙 사용량이 100MB → 101MB가 되었으며, 전체 254MB 힙 중 약 101MB가 사용 중이며 GC로 인한 정지 시간은 32ms였다."
[0.349s][info][gc,cpu      ] GC(2) User=0.16s Sys=0.03s Real=0.03s
[0.361s][info][gc,start    ] GC(3) Pause Young (Concurrent Start) (G1 Humongous Allocation)
[0.361s][info][gc,task     ] GC(3) Using 6 workers of 10 for evacuation
[0.388s][info][gc,phases   ] GC(3)   Pre Evacuate Collection Set: 0.2ms
[0.388s][info][gc,phases   ] GC(3)   Merge Heap Roots: 0.1ms
[0.388s][info][gc,phases   ] GC(3)   Evacuate Collection Set: 25.6ms
[0.388s][info][gc,phases   ] GC(3)   Post Evacuate Collection Set: 0.7ms
[0.388s][info][gc,phases   ] GC(3)   Other: 0.2ms
[0.388s][info][gc,heap     ] GC(3) Eden regions: 10->0(10)
[0.388s][info][gc,heap     ] GC(3) Survivor regions: 2->2(2)
[0.388s][info][gc,heap     ] GC(3) Old regions: 23->33
[0.388s][info][gc,heap     ] GC(3) Humongous regions: 26->26
[0.388s][info][gc,metaspace] GC(3) Metaspace: 861K(1024K)->861K(1024K) NonClass: 796K(896K)->796K(896K) Class: 64K(128K)->64K(128K)
[0.388s][info][gc          ] GC(3) Pause Young (Concurrent Start) (G1 Humongous Allocation) 120M->122M(254M) 27.154ms
[0.388s][info][gc,cpu      ] GC(3) User=0.17s Sys=0.02s Real=0.03s
[0.388s][info][gc          ] GC(4) Concurrent Mark Cycle
[0.388s][info][gc,marking  ] GC(4) Concurrent Scan Root Regions
[0.395s][info][gc,marking  ] GC(4) Concurrent Scan Root Regions 6.653ms
[0.395s][info][gc,marking  ] GC(4) Concurrent Mark
[0.395s][info][gc,marking  ] GC(4) Concurrent Mark From Roots
-> "루트에서 시작해 연결된 객체를 따라가며 살아있음을 표시"
[0.395s][info][gc,task     ] GC(4) Using 3 workers of 3 for marking
[0.442s][info][gc,marking  ] GC(4) Concurrent Mark From Roots 46.998ms
[0.442s][info][gc,marking  ] GC(4) Concurrent Preclean
[0.442s][info][gc,marking  ] GC(4) Concurrent Preclean 0.057ms
[0.443s][info][gc,start    ] GC(4) Pause Remark
[0.444s][info][gc          ] GC(4) Pause Remark 213M->177M(298M) 1.103ms
[0.444s][info][gc,cpu      ] GC(4) User=0.00s Sys=0.00s Real=0.00s
[0.444s][info][gc,marking  ] GC(4) Concurrent Mark 49.251ms
[0.444s][info][gc,marking  ] GC(4) Concurrent Rebuild Remembered Sets and Scrub Regions
[0.447s][info][gc,start    ] GC(5) Pause Young (Normal) (G1 Evacuation Pause)
[0.447s][info][gc,task     ] GC(5) Using 7 workers of 10 for evacuation
[0.503s][info][gc,phases   ] GC(5)   Pre Evacuate Collection Set: 0.2ms
[0.503s][info][gc,phases   ] GC(5)   Merge Heap Roots: 0.5ms
[0.503s][info][gc,phases   ] GC(5)   Evacuate Collection Set: 52.1ms
[0.503s][info][gc,phases   ] GC(5)   Post Evacuate Collection Set: 2.8ms
[0.503s][info][gc,phases   ] GC(5)   Other: 0.2ms
[0.503s][info][gc,heap     ] GC(5) Eden regions: 17->0(19)
[0.503s][info][gc,heap     ] GC(5) Survivor regions: 2->3(3)
[0.503s][info][gc,heap     ] GC(5) Old regions: 33->51
[0.503s][info][gc,heap     ] GC(5) Humongous regions: 38->38
[0.503s][info][gc,metaspace] GC(5) Metaspace: 861K(1024K)->861K(1024K) NonClass: 796K(896K)->796K(896K) Class: 64K(128K)->64K(128K)
[0.503s][info][gc          ] GC(5) Pause Young (Normal) (G1 Evacuation Pause) 180M->183M(894M) 56.057ms
[0.503s][info][gc,cpu      ] GC(5) User=0.31s Sys=0.02s Real=0.06s
[0.537s][info][gc,start    ] GC(6) Pause Young (Normal) (G1 Evacuation Pause)
[0.538s][info][gc,task     ] GC(6) Using 10 workers of 10 for evacuation
[0.569s][info][gc,phases   ] GC(6)   Pre Evacuate Collection Set: 0.1ms
[0.569s][info][gc,phases   ] GC(6)   Merge Heap Roots: 0.2ms
[0.569s][info][gc,phases   ] GC(6)   Evacuate Collection Set: 30.0ms
[0.569s][info][gc,phases   ] GC(6)   Post Evacuate Collection Set: 0.4ms
[0.569s][info][gc,phases   ] GC(6)   Other: 0.8ms
[0.569s][info][gc,heap     ] GC(6) Eden regions: 19->0(19)
[0.569s][info][gc,heap     ] GC(6) Survivor regions: 3->3(3)
[0.569s][info][gc,heap     ] GC(6) Old regions: 51->72
[0.569s][info][gc,heap     ] GC(6) Humongous regions: 38->38
[0.569s][info][gc,metaspace] GC(6) Metaspace: 861K(1024K)->861K(1024K) NonClass: 796K(896K)->796K(896K) Class: 64K(128K)->64K(128K)
[0.569s][info][gc          ] GC(6) Pause Young (Normal) (G1 Evacuation Pause) 221M->225M(894M) 32.014ms
[0.569s][info][gc,cpu      ] GC(6) User=0.25s Sys=0.05s Real=0.03s
[0.570s][info][gc,marking  ] GC(4) Concurrent Rebuild Remembered Sets and Scrub Regions 125.442ms
[0.570s][info][gc,start    ] GC(4) Pause Cleanup
-> "내부를 정리하는 Pause단계"
[0.570s][info][gc          ] GC(4) Pause Cleanup 227M->227M(894M) 0.130ms
[0.570s][info][gc,cpu      ] GC(4) User=0.00s Sys=0.00s Real=0.00s
[0.570s][info][gc,marking  ] GC(4) Concurrent Clear Claimed Marks
-> "Mark 단계에서 “살아있음” 표시한 마크를 초기화"
[0.570s][info][gc,marking  ] GC(4) Concurrent Clear Claimed Marks 0.041ms
[0.570s][info][gc,marking  ] GC(4) Concurrent Cleanup for Next Mark
-> "GC 내부 데이터 구조, 참조 기록등 청소"
[0.572s][info][gc,marking  ] GC(4) Concurrent Cleanup for Next Mark 1.843ms
[0.572s][info][gc          ] GC(4) Concurrent Mark Cycle 183.906ms
[0.595s][info][gc,heap,exit] Heap
[0.595s][info][gc,heap,exit]  garbage-first heap   total 915456K, used 306473K [0x0000000702800000, 0x0000000800000000)
[0.595s][info][gc,heap,exit]   region size 2048K, 13 young (26624K), 3 survivors (6144K)
[0.595s][info][gc,heap,exit]  Metaspace       used 865K, committed 1024K, reserved 1114112K
[0.595s][info][gc,heap,exit]   class space    used 65K, committed 128K, reserved 1048576K
